// Vitest Snapshot v1, https://vitest.dev/guide/snapshot.html

exports[`e2e:enums > should expose public api 1`] = `
[
  "chars",
  "codes",
  "constants",
  "ev",
]
`;
