// Vitest Snapshot v1, https://vitest.dev/guide/snapshot.html

exports[`e2e:utils > should expose public api 1`] = `
[
  "eof",
  "eos",
  "eol",
  "isCode",
  "push",
  "resolveAll",
  "serializeChunks",
  "sliceChunks",
  "sliceSerialize",
  "splice",
  "htab",
  "tab",
]
`;
